[15:08:49] [main/INFO] (FabricLoader/GameProvider) Loading Minecraft 1.21.11 with Fabric Loader 0.18.2
[15:08:49] [ForkJoinPool-1-worker-1/WARN] (FabricLoader/Metadata) Mod dillonlibtest uses the version $version which isn't compatible with Loader's extended semantic version format (Could not parse version number component '$version'!), SemVer is recommended for reliably evaluating dependencies and prioritizing newer version
[15:08:49] [ForkJoinPool-1-worker-2/WARN] (FabricLoader/Metadata) Mod dillonlib uses the version base which isn't compatible with Loader's extended semantic version format (Could not parse version number component 'base'!), SemVer is recommended for reliably evaluating dependencies and prioritizing newer version
[15:08:49] [main/INFO] (FabricLoader) Loading 52 mods:
	- dillonlib base
	- dillonlibtest $version
	- fabric-api 0.140.0+1.21.11
	- fabric-api-base 1.0.5+4ebb5c083e
	- fabric-api-lookup-api-v1 1.6.113+1fb1cde93e
	- fabric-biome-api-v1 17.1.1+4fc5413f3e
	- fabric-block-api-v1 1.1.10+4ebb5c083e
	- fabric-block-view-api-v2 1.0.39+4ebb5c083e
	- fabric-client-gametest-api-v1 4.3.5+bfe9fcf43e
	- fabric-command-api-v2 2.4.7+6b42a6003e
	- fabric-content-registries-v0 10.2.14+4fc5413f3e
	- fabric-convention-tags-v1 2.1.55+7f945d5b3e
	- fabric-convention-tags-v2 2.17.3+8ef948ba3e
	- fabric-crash-report-info-v1 0.3.23+4ebb5c083e
	- fabric-data-attachment-api-v1 1.8.43+1fb1cde93e
	- fabric-data-generation-api-v1 23.3.0+ae1056283e
	- fabric-dimensions-v1 4.0.28+4fc5413f3e
	- fabric-entity-events-v1 3.0.5+4ebb5c083e
	- fabric-events-interaction-v0 4.0.44+1fb1cde93e
	- fabric-game-rule-api-v1 2.0.3+4fc5413f3e
	- fabric-gametest-api-v1 3.1.27+4fc5413f3e
	- fabric-item-api-v1 11.5.20+d0c46b9e3e
	- fabric-item-group-api-v1 4.2.36+4fc5413f3e
	- fabric-key-binding-api-v1 1.1.7+4fc5413f3e
	- fabric-lifecycle-events-v1 2.6.15+4ebb5c083e
	- fabric-loot-api-v2 3.0.73+3f89f5a53e
	- fabric-loot-api-v3 2.0.20+78c8b4663e
	- fabric-message-api-v1 6.1.12+4ebb5c083e
	- fabric-model-loading-api-v1 6.0.12+4fc5413f3e
	- fabric-networking-api-v1 5.1.5+ae1e07683e
	- fabric-object-builder-api-v1 21.1.38+4fc5413f3e
	- fabric-particles-v1 4.2.11+4fc5413f3e
	- fabric-recipe-api-v1 8.2.3+4ebb5c083e
	- fabric-registry-sync-v0 6.2.4+4ebb5c083e
	- fabric-renderer-api-v1 8.0.0+f4ffd2e53e
	- fabric-renderer-indigo 5.0.0+f4ffd2e53e
	- fabric-rendering-fluids-v1 3.1.43+4ebb5c083e
	- fabric-rendering-v1 16.2.7+f4ffd2e53e
	- fabric-resource-conditions-api-v1 5.0.35+4fc5413f3e
	- fabric-resource-loader-v0 3.3.4+4fc5413f3e
	- fabric-resource-loader-v1 1.0.10+78c8b4663e
	- fabric-screen-api-v1 3.1.7+4ebb5c083e
	- fabric-screen-handler-api-v1 1.3.160+4fc5413f3e
	- fabric-serialization-api-v1 1.0.5+4ebb5c083e
	- fabric-sound-api-v1 1.0.51+4fc5413f3e
	- fabric-tag-api-v1 1.2.20+4fc5413f3e
	- fabric-transfer-api-v1 6.0.24+4fc5413f3e
	- fabric-transitive-access-wideners-v1 7.0.8+0107c3da3e
	- fabricloader 0.18.2
	- java 21
	- minecraft 1.21.11
	- mixinextras 0.5.0
[15:08:49] [main/INFO] (FabricLoader/Mixin) SpongePowered MIXIN Subsystem Version=0.8.7 Source=file:/C:/Users/dillo/.gradle/caches/modules-2/files-2.1/net.fabricmc/sponge-mixin/0.16.5+mixin.0.8.7/80fc3a9f592673cea87f4cd702f87991c6c9fe4d/sponge-mixin-0.16.5+mixin.0.8.7.jar Service=Knot/Fabric Env=CLIENT
[15:08:49] [main/INFO] (FabricLoader/Mixin) Loaded Fabric development mappings for mixin remapper!
[15:08:49] [main/INFO] (FabricLoader/Mixin) Compatibility level set to JAVA_21
[15:08:51] [main/INFO] (FabricLoader/MixinExtras|Service) Initializing MixinExtras via com.llamalad7.mixinextras.service.MixinExtrasServiceImpl(version=0.5.0).
[15:08:52] [Datafixer Bootstrap/INFO] (Minecraft) 287 Datafixer optimizations took 490 milliseconds
[15:08:58] [Render thread/INFO] (Minecraft) Environment: Environment[sessionHost=https://sessionserver.mojang.com, servicesHost=https://api.minecraftservices.com, profilesHost=https://api.mojang.com, name=PROD]
[15:08:58] [Render thread/INFO] (Minecraft) Setting user: Player576
[15:08:58] [Render thread/INFO] (Dillon Lib) Initialized registration class.
[15:08:58] [Render thread/ERROR] (Dillon Lib) Initialized LibTest
[15:08:58] [Render thread/INFO] (Dillon Lib) Initialized client-registry class.
[15:08:58] [Render thread/INFO] (Indigo) [Indigo] Registering Indigo renderer!
[15:08:58] [Render thread/ERROR] (Dillon Lib) Initialized LibTestClient
[15:08:58] [Download-2/ERROR] (Minecraft) Failed to fetch user properties
com.mojang.authlib.exceptions.InvalidCredentialsException: Status: 401
	at knot//com.mojang.authlib.exceptions.MinecraftClientHttpException.toAuthenticationException(MinecraftClientHttpException.java:59)
	at knot//com.mojang.authlib.yggdrasil.YggdrasilUserApiService.fetchProperties(YggdrasilUserApiService.java:150)
	at knot//net.minecraft.client.MinecraftClient.method_55608(MinecraftClient.java:527)
	at java.base/java.util.concurrent.CompletableFuture$AsyncSupply.run(CompletableFuture.java:1768)
	at java.base/java.util.concurrent.ThreadPoolExecutor.runWorker(ThreadPoolExecutor.java:1144)
	at java.base/java.util.concurrent.ThreadPoolExecutor$Worker.run(ThreadPoolExecutor.java:642)
	at java.base/java.lang.Thread.run(Thread.java:1583)
Caused by: com.mojang.authlib.exceptions.MinecraftClientHttpException: Status: 401
	at knot//com.mojang.authlib.minecraft.client.MinecraftClient.readInputStream(MinecraftClient.java:103)
	at knot//com.mojang.authlib.minecraft.client.MinecraftClient.get(MinecraftClient.java:56)
	at knot//com.mojang.authlib.yggdrasil.YggdrasilUserApiService.fetchProperties(YggdrasilUserApiService.java:121)
	... 5 more
[15:08:58] [Render thread/INFO] (Minecraft) Backend library: LWJGL version 3.3.3-snapshot
[15:08:59] [Render thread/INFO] (Minecraft) Using optional rendering extensions: GL_ARB_buffer_storage, GL_KHR_debug, GL_ARB_vertex_attrib_binding, GL_ARB_direct_state_access, GL_EXT_texture_filter_anisotropic
[15:09:00] [Render thread/INFO] (Minecraft) Reloading ResourceManager: vanilla, dillonlib, dillonlibtest, fabric-api, fabric-api-base, fabric-api-lookup-api-v1, fabric-biome-api-v1, fabric-block-api-v1, fabric-block-view-api-v2, fabric-client-gametest-api-v1, fabric-command-api-v2, fabric-content-registries-v0, fabric-convention-tags-v1, fabric-convention-tags-v2, fabric-crash-report-info-v1, fabric-data-attachment-api-v1, fabric-data-generation-api-v1, fabric-dimensions-v1, fabric-entity-events-v1, fabric-events-interaction-v0, fabric-game-rule-api-v1, fabric-gametest-api-v1, fabric-item-api-v1, fabric-item-group-api-v1, fabric-key-binding-api-v1, fabric-lifecycle-events-v1, fabric-loot-api-v2, fabric-loot-api-v3, fabric-message-api-v1, fabric-model-loading-api-v1, fabric-networking-api-v1, fabric-object-builder-api-v1, fabric-particles-v1, fabric-recipe-api-v1, fabric-registry-sync-v0, fabric-renderer-api-v1, fabric-renderer-indigo, fabric-rendering-fluids-v1, fabric-rendering-v1, fabric-resource-conditions-api-v1, fabric-resource-loader-v0, fabric-resource-loader-v1, fabric-screen-api-v1, fabric-screen-handler-api-v1, fabric-serialization-api-v1, fabric-sound-api-v1, fabric-tag-api-v1, fabric-transfer-api-v1, fabric-transitive-access-wideners-v1, fabricloader
[15:09:00] [Worker-Main-2/INFO] (Minecraft) Found unifont_all_no_pua-16.0.03.hex, loading
[15:09:00] [Worker-Main-10/INFO] (Minecraft) Found unifont_pua-16.0.03.hex, loading
[15:09:00] [Worker-Main-10/INFO] (Minecraft) Found unifont_jp_patch-16.0.03.hex, loading
[15:09:01] [Download-2/INFO] (Minecraft) Could not authorize you against Realms server: java.lang.RuntimeException: Failed to parse into SignedJWT: FabricMC
[15:09:01] [Download-2/ERROR] (Minecraft) Failed to fetch Realms feature flags
net.minecraft.client.realms.exception.RealmsServiceException: Realms authentication error with message 'java.lang.RuntimeException: Failed to parse into SignedJWT: FabricMC'
	at knot//net.minecraft.client.realms.RealmsClient.execute(RealmsClient.java:508)
	at knot//net.minecraft.client.realms.RealmsClient.fetchFeatureFlags(RealmsClient.java:159)
	at java.base/java.util.concurrent.CompletableFuture$AsyncSupply.run(CompletableFuture.java:1768)
	at java.base/java.util.concurrent.ThreadPoolExecutor.runWorker(ThreadPoolExecutor.java:1144)
	at java.base/java.util.concurrent.ThreadPoolExecutor$Worker.run(ThreadPoolExecutor.java:642)
	at java.base/java.lang.Thread.run(Thread.java:1583)
[15:09:01] [Worker-Main-11/WARN] (Minecraft) Missing model for variant: 'Block{dillonlibtest:test_sign_block}[rotation=0,waterlogged=true]'
[15:09:01] [Worker-Main-11/WARN] (Minecraft) Missing model for variant: 'Block{dillonlibtest:test_sign_block}[rotation=0,waterlogged=false]'
[15:09:01] [Worker-Main-11/WARN] (Minecraft) Missing model for variant: 'Block{dillonlibtest:test_sign_block}[rotation=1,waterlogged=true]'
[15:09:01] [Worker-Main-11/WARN] (Minecraft) Missing model for variant: 'Block{dillonlibtest:test_sign_block}[rotation=1,waterlogged=false]'
[15:09:01] [Worker-Main-11/WARN] (Minecraft) Missing model for variant: 'Block{dillonlibtest:test_sign_block}[rotation=2,waterlogged=true]'
[15:09:01] [Worker-Main-11/WARN] (Minecraft) Missing model for variant: 'Block{dillonlibtest:test_sign_block}[rotation=2,waterlogged=false]'
[15:09:01] [Worker-Main-11/WARN] (Minecraft) Missing model for variant: 'Block{dillonlibtest:test_sign_block}[rotation=3,waterlogged=true]'
[15:09:01] [Worker-Main-11/WARN] (Minecraft) Missing model for variant: 'Block{dillonlibtest:test_sign_block}[rotation=3,waterlogged=false]'
[15:09:01] [Worker-Main-11/WARN] (Minecraft) Missing model for variant: 'Block{dillonlibtest:test_sign_block}[rotation=4,waterlogged=true]'
[15:09:01] [Worker-Main-11/WARN] (Minecraft) Missing model for variant: 'Block{dillonlibtest:test_sign_block}[rotation=4,waterlogged=false]'
[15:09:01] [Worker-Main-11/WARN] (Minecraft) Missing model for variant: 'Block{dillonlibtest:test_sign_block}[rotation=5,waterlogged=true]'
[15:09:01] [Worker-Main-11/WARN] (Minecraft) Missing model for variant: 'Block{dillonlibtest:test_sign_block}[rotation=5,waterlogged=false]'
[15:09:01] [Worker-Main-11/WARN] (Minecraft) Missing model for variant: 'Block{dillonlibtest:test_sign_block}[rotation=6,waterlogged=true]'
[15:09:01] [Worker-Main-11/WARN] (Minecraft) Missing model for variant: 'Block{dillonlibtest:test_sign_block}[rotation=6,waterlogged=false]'
[15:09:01] [Worker-Main-11/WARN] (Minecraft) Missing model for variant: 'Block{dillonlibtest:test_sign_block}[rotation=7,waterlogged=true]'
[15:09:01] [Worker-Main-11/WARN] (Minecraft) Missing model for variant: 'Block{dillonlibtest:test_sign_block}[rotation=7,waterlogged=false]'
[15:09:01] [Worker-Main-11/WARN] (Minecraft) Missing model for variant: 'Block{dillonlibtest:test_sign_block}[rotation=8,waterlogged=true]'
[15:09:01] [Worker-Main-11/WARN] (Minecraft) Missing model for variant: 'Block{dillonlibtest:test_sign_block}[rotation=8,waterlogged=false]'
[15:09:01] [Worker-Main-11/WARN] (Minecraft) Missing model for variant: 'Block{dillonlibtest:test_sign_block}[rotation=9,waterlogged=true]'
[15:09:01] [Worker-Main-11/WARN] (Minecraft) Missing model for variant: 'Block{dillonlibtest:test_sign_block}[rotation=9,waterlogged=false]'
[15:09:01] [Worker-Main-11/WARN] (Minecraft) Missing model for variant: 'Block{dillonlibtest:test_sign_block}[rotation=10,waterlogged=true]'
[15:09:01] [Worker-Main-11/WARN] (Minecraft) Missing model for variant: 'Block{dillonlibtest:test_sign_block}[rotation=10,waterlogged=false]'
[15:09:01] [Worker-Main-11/WARN] (Minecraft) Missing model for variant: 'Block{dillonlibtest:test_sign_block}[rotation=11,waterlogged=true]'
[15:09:01] [Worker-Main-11/WARN] (Minecraft) Missing model for variant: 'Block{dillonlibtest:test_sign_block}[rotation=11,waterlogged=false]'
[15:09:01] [Worker-Main-11/WARN] (Minecraft) Missing model for variant: 'Block{dillonlibtest:test_sign_block}[rotation=12,waterlogged=true]'
[15:09:01] [Worker-Main-11/WARN] (Minecraft) Missing model for variant: 'Block{dillonlibtest:test_sign_block}[rotation=12,waterlogged=false]'
[15:09:01] [Worker-Main-11/WARN] (Minecraft) Missing model for variant: 'Block{dillonlibtest:test_sign_block}[rotation=13,waterlogged=true]'
[15:09:01] [Worker-Main-11/WARN] (Minecraft) Missing model for variant: 'Block{dillonlibtest:test_sign_block}[rotation=13,waterlogged=false]'
[15:09:01] [Worker-Main-11/WARN] (Minecraft) Missing model for variant: 'Block{dillonlibtest:test_sign_block}[rotation=14,waterlogged=true]'
[15:09:01] [Worker-Main-11/WARN] (Minecraft) Missing model for variant: 'Block{dillonlibtest:test_sign_block}[rotation=14,waterlogged=false]'
[15:09:01] [Worker-Main-11/WARN] (Minecraft) Missing model for variant: 'Block{dillonlibtest:test_sign_block}[rotation=15,waterlogged=true]'
[15:09:01] [Worker-Main-11/WARN] (Minecraft) Missing model for variant: 'Block{dillonlibtest:test_sign_block}[rotation=15,waterlogged=false]'
[15:09:01] [Worker-Main-11/WARN] (Minecraft) Missing model for variant: 'Block{dillonlibtest:test_cutout_block}'
[15:09:02] [Render thread/WARN] (Minecraft) Missing sound for event: minecraft:item.armor.equip_copper
[15:09:02] [Render thread/WARN] (Minecraft) Missing sound for event: minecraft:item.armor.equip_nautilus
[15:09:02] [Render thread/WARN] (Minecraft) Missing sound for event: minecraft:item.armor.unequip_nautilus
[15:09:02] [Render thread/WARN] (Minecraft) Missing sound for event: minecraft:entity.baby_nautilus.ambient
[15:09:02] [Render thread/WARN] (Minecraft) Missing sound for event: minecraft:entity.baby_nautilus.ambient_land
[15:09:02] [Render thread/WARN] (Minecraft) Missing sound for event: minecraft:entity.baby_nautilus.death
[15:09:02] [Render thread/WARN] (Minecraft) Missing sound for event: minecraft:entity.baby_nautilus.death_land
[15:09:02] [Render thread/WARN] (Minecraft) Missing sound for event: minecraft:entity.baby_nautilus.eat
[15:09:02] [Render thread/WARN] (Minecraft) Missing sound for event: minecraft:entity.baby_nautilus.hurt
[15:09:02] [Render thread/WARN] (Minecraft) Missing sound for event: minecraft:entity.baby_nautilus.hurt_land
[15:09:02] [Render thread/WARN] (Minecraft) Missing sound for event: minecraft:entity.nautilus.riding
[15:09:02] [Render thread/WARN] (Minecraft) Missing sound for event: minecraft:entity.baby_nautilus.swim
[15:09:02] [Render thread/WARN] (Minecraft) Missing sound for event: minecraft:entity.camel_husk.ambient
[15:09:02] [Render thread/WARN] (Minecraft) Missing sound for event: minecraft:entity.camel_husk.dash
[15:09:02] [Render thread/WARN] (Minecraft) Missing sound for event: minecraft:entity.camel_husk.dash_ready
[15:09:02] [Render thread/WARN] (Minecraft) Missing sound for event: minecraft:entity.camel_husk.death
[15:09:02] [Render thread/WARN] (Minecraft) Missing sound for event: minecraft:entity.camel_husk.eat
[15:09:02] [Render thread/WARN] (Minecraft) Missing sound for event: minecraft:entity.camel_husk.hurt
[15:09:02] [Render thread/WARN] (Minecraft) Missing sound for event: minecraft:entity.camel_husk.saddle
[15:09:02] [Render thread/WARN] (Minecraft) Missing sound for event: minecraft:entity.camel_husk.sit
[15:09:02] [Render thread/WARN] (Minecraft) Missing sound for event: minecraft:entity.camel_husk.stand
[15:09:02] [Render thread/WARN] (Minecraft) Missing sound for event: minecraft:entity.camel_husk.step
[15:09:02] [Render thread/WARN] (Minecraft) Missing sound for event: minecraft:entity.camel_husk.step_sand
[15:09:02] [Render thread/WARN] (Minecraft) Missing sound for event: minecraft:block.copper_chest.close
[15:09:02] [Render thread/WARN] (Minecraft) Missing sound for event: minecraft:block.copper_chest.open
[15:09:02] [Render thread/WARN] (Minecraft) Missing sound for event: minecraft:block.copper_chest_weathered.close
[15:09:02] [Render thread/WARN] (Minecraft) Missing sound for event: minecraft:block.copper_chest_weathered.open
[15:09:02] [Render thread/WARN] (Minecraft) Missing sound for event: minecraft:block.copper_chest_oxidized.close
[15:09:02] [Render thread/WARN] (Minecraft) Missing sound for event: minecraft:block.copper_chest_oxidized.open
[15:09:02] [Render thread/WARN] (Minecraft) Missing sound for event: minecraft:entity.copper_golem.step
[15:09:02] [Render thread/WARN] (Minecraft) Missing sound for event: minecraft:entity.copper_golem.hurt
[15:09:02] [Render thread/WARN] (Minecraft) Missing sound for event: minecraft:entity.copper_golem.death
[15:09:02] [Render thread/WARN] (Minecraft) Missing sound for event: minecraft:entity.copper_golem_weathered.step
[15:09:02] [Render thread/WARN] (Minecraft) Missing sound for event: minecraft:entity.copper_golem_weathered.hurt
[15:09:02] [Render thread/WARN] (Minecraft) Missing sound for event: minecraft:entity.copper_golem_weathered.death
[15:09:02] [Render thread/WARN] (Minecraft) Missing sound for event: minecraft:entity.copper_golem_oxidized.step
[15:09:02] [Render thread/WARN] (Minecraft) Missing sound for event: minecraft:entity.copper_golem_oxidized.hurt
[15:09:02] [Render thread/WARN] (Minecraft) Missing sound for event: minecraft:entity.copper_golem_oxidized.death
[15:09:02] [Render thread/WARN] (Minecraft) Missing sound for event: minecraft:entity.copper_golem.spin
[15:09:02] [Render thread/WARN] (Minecraft) Missing sound for event: minecraft:entity.copper_golem_weathered.spin
[15:09:02] [Render thread/WARN] (Minecraft) Missing sound for event: minecraft:entity.copper_golem_oxidized.spin
[15:09:02] [Render thread/WARN] (Minecraft) Missing sound for event: minecraft:entity.copper_golem.no_item_get
[15:09:02] [Render thread/WARN] (Minecraft) Missing sound for event: minecraft:entity.copper_golem.no_item_no_get
[15:09:02] [Render thread/WARN] (Minecraft) Missing sound for event: minecraft:entity.copper_golem.item_drop
[15:09:02] [Render thread/WARN] (Minecraft) Missing sound for event: minecraft:entity.copper_golem.item_no_drop
[15:09:02] [Render thread/WARN] (Minecraft) Missing sound for event: minecraft:entity.copper_golem_become_statue
[15:09:02] [Render thread/WARN] (Minecraft) Missing sound for event: minecraft:block.copper_golem_statue.break
[15:09:02] [Render thread/WARN] (Minecraft) Missing sound for event: minecraft:block.copper_golem_statue.place
[15:09:02] [Render thread/WARN] (Minecraft) Missing sound for event: minecraft:block.copper_golem_statue.hit
[15:09:02] [Render thread/WARN] (Minecraft) Missing sound for event: minecraft:block.copper_golem_statue.step
[15:09:02] [Render thread/WARN] (Minecraft) Missing sound for event: minecraft:block.copper_golem_statue.fall
[15:09:02] [Render thread/WARN] (Minecraft) Missing sound for event: minecraft:entity.copper_golem.spawn
[15:09:02] [Render thread/WARN] (Minecraft) Missing sound for event: minecraft:entity.copper_golem.shear
[15:09:02] [Render thread/WARN] (Minecraft) Missing sound for event: minecraft:item.spear.lunge_1
[15:09:02] [Render thread/WARN] (Minecraft) Missing sound for event: minecraft:item.spear.lunge_2
[15:09:02] [Render thread/WARN] (Minecraft) Missing sound for event: minecraft:item.spear.lunge_3
[15:09:02] [Render thread/WARN] (Minecraft) Missing sound for event: minecraft:entity.nautilus.ambient
[15:09:02] [Render thread/WARN] (Minecraft) Missing sound for event: minecraft:entity.nautilus.ambient_land
[15:09:02] [Render thread/WARN] (Minecraft) Missing sound for event: minecraft:entity.nautilus.dash
[15:09:02] [Render thread/WARN] (Minecraft) Missing sound for event: minecraft:entity.nautilus.dash_land
[15:09:02] [Render thread/WARN] (Minecraft) Missing sound for event: minecraft:entity.nautilus.dash_ready
[15:09:02] [Render thread/WARN] (Minecraft) Missing sound for event: minecraft:entity.nautilus.dash_ready_land
[15:09:02] [Render thread/WARN] (Minecraft) Missing sound for event: minecraft:entity.nautilus.death
[15:09:02] [Render thread/WARN] (Minecraft) Missing sound for event: minecraft:entity.nautilus.death_land
[15:09:02] [Render thread/WARN] (Minecraft) Missing sound for event: minecraft:entity.nautilus.eat
[15:09:02] [Render thread/WARN] (Minecraft) Missing sound for event: minecraft:entity.nautilus.hurt
[15:09:02] [Render thread/WARN] (Minecraft) Missing sound for event: minecraft:entity.nautilus.hurt_land
[15:09:02] [Render thread/WARN] (Minecraft) Missing sound for event: minecraft:entity.nautilus.swim
[15:09:02] [Render thread/WARN] (Minecraft) Missing sound for event: minecraft:entity.parched.ambient
[15:09:02] [Render thread/WARN] (Minecraft) Missing sound for event: minecraft:entity.parched.death
[15:09:02] [Render thread/WARN] (Minecraft) Missing sound for event: minecraft:entity.parched.hurt
[15:09:02] [Render thread/WARN] (Minecraft) Missing sound for event: minecraft:entity.parched.step
[15:09:02] [Render thread/WARN] (Minecraft) Missing sound for event: minecraft:entity.parrot.imitate.camel_husk
[15:09:02] [Render thread/WARN] (Minecraft) Missing sound for event: minecraft:entity.parrot.imitate.parched
[15:09:02] [Render thread/WARN] (Minecraft) Missing sound for event: minecraft:entity.parrot.imitate.zombie_horse
[15:09:02] [Render thread/WARN] (Minecraft) Missing sound for event: minecraft:entity.parrot.imitate.zombie_nautilus
[15:09:02] [Render thread/WARN] (Minecraft) Missing sound for event: minecraft:block.shelf.activate
[15:09:02] [Render thread/WARN] (Minecraft) Missing sound for event: minecraft:block.shelf.break
[15:09:02] [Render thread/WARN] (Minecraft) Missing sound for event: minecraft:block.shelf.deactivate
[15:09:02] [Render thread/WARN] (Minecraft) Missing sound for event: minecraft:block.shelf.fall
[15:09:02] [Render thread/WARN] (Minecraft) Missing sound for event: minecraft:block.shelf.hit
[15:09:02] [Render thread/WARN] (Minecraft) Missing sound for event: minecraft:block.shelf.multi_swap
[15:09:02] [Render thread/WARN] (Minecraft) Missing sound for event: minecraft:block.shelf.place
[15:09:02] [Render thread/WARN] (Minecraft) Missing sound for event: minecraft:block.shelf.place_item
[15:09:02] [Render thread/WARN] (Minecraft) Missing sound for event: minecraft:block.shelf.single_swap
[15:09:02] [Render thread/WARN] (Minecraft) Missing sound for event: minecraft:block.shelf.step
[15:09:02] [Render thread/WARN] (Minecraft) Missing sound for event: minecraft:block.shelf.take_item
[15:09:02] [Render thread/WARN] (Minecraft) Missing sound for event: minecraft:item.spear.use
[15:09:02] [Render thread/WARN] (Minecraft) Missing sound for event: minecraft:item.spear.hit
[15:09:02] [Render thread/WARN] (Minecraft) Missing sound for event: minecraft:item.spear.attack
[15:09:02] [Render thread/WARN] (Minecraft) Missing sound for event: minecraft:item.spear_wood.use
[15:09:02] [Render thread/WARN] (Minecraft) Missing sound for event: minecraft:item.spear_wood.hit
[15:09:02] [Render thread/WARN] (Minecraft) Missing sound for event: minecraft:item.spear_wood.attack
[15:09:02] [Render thread/WARN] (Minecraft) Missing sound for event: minecraft:weather.end_flash
[15:09:02] [Render thread/WARN] (Minecraft) Missing sound for event: minecraft:entity.zombie_horse.angry
[15:09:02] [Render thread/WARN] (Minecraft) Missing sound for event: minecraft:entity.zombie_horse.eat
[15:09:02] [Render thread/WARN] (Minecraft) Missing sound for event: minecraft:entity.zombie_nautilus.ambient
[15:09:02] [Render thread/WARN] (Minecraft) Missing sound for event: minecraft:entity.zombie_nautilus.ambient_land
[15:09:02] [Render thread/WARN] (Minecraft) Missing sound for event: minecraft:entity.zombie_nautilus.dash
[15:09:02] [Render thread/WARN] (Minecraft) Missing sound for event: minecraft:entity.zombie_nautilus.dash_land
[15:09:02] [Render thread/WARN] (Minecraft) Missing sound for event: minecraft:entity.zombie_nautilus.dash_ready
[15:09:02] [Render thread/WARN] (Minecraft) Missing sound for event: minecraft:entity.zombie_nautilus.dash_ready_land
[15:09:02] [Render thread/WARN] (Minecraft) Missing sound for event: minecraft:entity.zombie_nautilus.death
[15:09:02] [Render thread/WARN] (Minecraft) Missing sound for event: minecraft:entity.zombie_nautilus.death_land
[15:09:02] [Render thread/WARN] (Minecraft) Missing sound for event: minecraft:entity.zombie_nautilus.eat
[15:09:02] [Render thread/WARN] (Minecraft) Missing sound for event: minecraft:entity.zombie_nautilus.hurt
[15:09:02] [Render thread/WARN] (Minecraft) Missing sound for event: minecraft:entity.zombie_nautilus.hurt_land
[15:09:02] [Render thread/WARN] (Minecraft) Missing sound for event: minecraft:entity.zombie_nautilus.swim
[15:09:02] [Render thread/WARN] (Minecraft) Missing sound for event: minecraft:item.nautilus_saddle_underwater_equip
[15:09:02] [Render thread/WARN] (Minecraft) Missing sound for event: minecraft:item.nautilus_saddle_equip
[15:09:02] [Render thread/INFO] (Minecraft) OpenAL initialized on device OpenAL Soft on Beats Headphones (2- Beats Solo³)
[15:09:02] [Render thread/INFO] (Minecraft) Sound engine started
[15:09:02] [Render thread/INFO] (Minecraft) Created: 512x256x0 minecraft:textures/atlas/particles.png-atlas
[15:09:02] [Render thread/INFO] (Minecraft) Created: 128x128x0 minecraft:textures/atlas/decorated_pot.png-atlas
[15:09:02] [Render thread/INFO] (Minecraft) Created: 2048x1024x0 minecraft:textures/atlas/armor_trims.png-atlas
[15:09:02] [Render thread/INFO] (Minecraft) Created: 512x256x0 minecraft:textures/atlas/paintings.png-atlas
[15:09:02] [Render thread/INFO] (Minecraft) Created: 1024x512x0 minecraft:textures/atlas/shield_patterns.png-atlas
[15:09:02] [Render thread/INFO] (Minecraft) Created: 2048x2048x4 minecraft:textures/atlas/blocks.png-atlas
[15:09:02] [Render thread/INFO] (Minecraft) Created: 512x512x0 minecraft:textures/atlas/chest.png-atlas
[15:09:02] [Render thread/INFO] (Minecraft) Created: 256x128x0 minecraft:textures/atlas/celestials.png-atlas
[15:09:02] [Render thread/INFO] (Minecraft) Created: 1024x512x0 minecraft:textures/atlas/banner_patterns.png-atlas
[15:09:02] [Render thread/INFO] (Minecraft) Created: 512x512x0 minecraft:textures/atlas/beds.png-atlas
[15:09:02] [Render thread/INFO] (Minecraft) Created: 1024x512x0 minecraft:textures/atlas/items.png-atlas
[15:09:02] [Render thread/INFO] (Minecraft) Created: 1024x1024x0 minecraft:textures/atlas/gui.png-atlas
[15:09:02] [Render thread/INFO] (Minecraft) Created: 128x64x0 minecraft:textures/atlas/map_decorations.png-atlas
[15:09:02] [Render thread/INFO] (Minecraft) Created: 512x256x0 minecraft:textures/atlas/signs.png-atlas
[15:09:02] [Render thread/INFO] (Minecraft) Created: 512x512x0 minecraft:textures/atlas/shulker_boxes.png-atlas
[15:09:03] [IO-Worker-1/INFO] (Minecraft) Could not authorize you against Realms server: java.lang.RuntimeException: Failed to parse into SignedJWT: FabricMC
[15:09:03] [IO-Worker-1/ERROR] (Minecraft) Couldn't connect to realms
net.minecraft.client.realms.exception.RealmsServiceException: Realms authentication error with message 'java.lang.RuntimeException: Failed to parse into SignedJWT: FabricMC'
	at knot//net.minecraft.client.realms.RealmsClient.execute(RealmsClient.java:508)
	at knot//net.minecraft.client.realms.RealmsClient.clientCompatible(RealmsClient.java:282)
	at knot//net.minecraft.client.realms.RealmsAvailability.method_52627(RealmsAvailability.java:50)
	at java.base/java.util.concurrent.CompletableFuture$AsyncSupply.run(CompletableFuture.java:1768)
	at java.base/java.util.concurrent.ThreadPoolExecutor.runWorker(ThreadPoolExecutor.java:1144)
	at java.base/java.util.concurrent.ThreadPoolExecutor$Worker.run(ThreadPoolExecutor.java:642)
	at java.base/java.lang.Thread.run(Thread.java:1583)
[15:09:08] [Render thread/INFO] (Minecraft) Loaded 1470 recipes
[15:09:08] [Render thread/INFO] (Minecraft) Loaded 1584 advancements
[15:09:08] [Render thread/INFO] (BiomeModificationImpl) Applied 0 biome modifications to 0 of 65 new biomes in 1.241 ms
[15:09:08] [Server thread/INFO] (Minecraft) Starting integrated minecraft server version 1.21.11
[15:09:08] [Server thread/INFO] (Minecraft) Generating keypair
[15:09:08] [Server thread/INFO] (Minecraft) Selecting global world spawn...
[15:09:09] [Server thread/INFO] (Minecraft) Loading 0 persistent chunks...
[15:09:09] [Server thread/INFO] (Minecraft) Preparing spawn area: 16%
[15:09:09] [Server thread/INFO] (Minecraft) Loading 48 chunks for player spawn...
[15:09:09] [Server thread/INFO] (Minecraft) Preparing spawn area: 16%
[15:09:09] [Server thread/INFO] (Minecraft) Time elapsed: 935 ms
[15:09:10] [Server thread/INFO] (Minecraft) Player576[local:E:03722b3f] logged in with entity id 1 at (9.5, -60.0, 5.5)
[15:09:10] [Server thread/INFO] (Minecraft) Player576 joined the game
[15:09:10] [Server thread/INFO] (Minecraft) Changing view distance to 16, from 10
[15:09:10] [Server thread/INFO] (Minecraft) Changing simulation distance to 12, from 0
[15:09:10] [Render thread/INFO] (Minecraft) Loaded 2 advancements
[15:09:10] [Render thread/INFO] (Minecraft) Resizing Dynamic Transforms UBO, capacity limit of 2 reached during a single frame. New capacity will be 4.
[15:09:10] [Render thread/INFO] (Minecraft) Resizing Dynamic Transforms UBO, capacity limit of 4 reached during a single frame. New capacity will be 8.
[15:09:10] [Render thread/INFO] (Minecraft) Resizing Chunk Sections UBO, capacity limit of 2 reached during a single frame. New capacity will be 8.
[15:09:10] [Render thread/INFO] (Minecraft) Resizing Chunk Sections UBO, capacity limit of 8 reached during a single frame. New capacity will be 16.
[15:09:10] [Render thread/INFO] (Minecraft) Resizing Chunk Sections UBO, capacity limit of 16 reached during a single frame. New capacity will be 32.
[15:09:10] [Render thread/INFO] (Minecraft) Resizing Chunk Sections UBO, capacity limit of 32 reached during a single frame. New capacity will be 64.
[15:09:11] [Render thread/INFO] (Minecraft) Resizing Chunk Sections UBO, capacity limit of 64 reached during a single frame. New capacity will be 128.
[15:09:11] [Render thread/INFO] (Minecraft) Resizing Chunk Sections UBO, capacity limit of 128 reached during a single frame. New capacity will be 256.
[15:09:12] [Render thread/INFO] (Minecraft) Resizing Chunk Sections UBO, capacity limit of 256 reached during a single frame. New capacity will be 512.
[15:09:14] [Server thread/INFO] (Minecraft) [Player576: Gave 1 [item.dillonlibtest.test_boat] to Player576]
[15:09:14] [Render thread/INFO] (Minecraft) [System] [CHAT] Gave 1 [item.dillonlibtest.test_boat] to Player576
[15:09:14] [Render thread/INFO] (Minecraft) Resizing Dynamic Transforms UBO, capacity limit of 8 reached during a single frame. New capacity will be 16.
[15:09:39] [Server thread/INFO] (Minecraft) [Player576: Gave 1 [item.dillonlibtest.test_sign] to Player576]
[15:09:39] [Render thread/INFO] (Minecraft) [System] [CHAT] Gave 1 [item.dillonlibtest.test_sign] to Player576
[15:10:53] [Server thread/INFO] (Minecraft) [Player576: Gave 1 [item.dillonlibtest.test_crossbow] to Player576]
[15:10:53] [Render thread/INFO] (Minecraft) [System] [CHAT] Gave 1 [item.dillonlibtest.test_crossbow] to Player576
[15:10:59] [Server thread/INFO] (Minecraft) [Player576: Gave 1 [item.dillonlibtest.test_shears] to Player576]
[15:10:59] [Render thread/INFO] (Minecraft) [System] [CHAT] Gave 1 [item.dillonlibtest.test_shears] to Player576
[15:11:04] [Server thread/INFO] (Minecraft) [Player576: Gave 1 [item.dillonlibtest.test_shield] to Player576]
[15:11:04] [Render thread/INFO] (Minecraft) [System] [CHAT] Gave 1 [item.dillonlibtest.test_shield] to Player576
[15:11:50] [Server thread/INFO] (Minecraft) [Player576: Gave 1 [item.dillonlibtest.test_sign] to Player576]
[15:11:50] [Render thread/INFO] (Minecraft) [System] [CHAT] Gave 1 [item.dillonlibtest.test_sign] to Player576
[15:13:25] [Render thread/INFO] (Minecraft) Loaded 12 advancements
